../Core/Src/main.c:130:6:LDC1614_ReadRegister	32	static
../Core/Src/main.c:134:6:LDC1614_WriteRegister	32	static
../Core/Src/main.c:139:5:hex_to_dec	32	static
../Core/Src/main.c:147:6:LDC1614_reset	16	static
../Core/Src/main.c:155:6:LDC1614_WriteRegister_LSB	40	static
../Core/Src/main.c:169:6:Transmit_Data	1160	static
../Core/Src/main.c:249:5:main	104	static
../Core/Src/main.c:364:6:SystemClock_Config	88	static
../Core/Src/main.c:411:13:MX_I2C1_Init	8	static
../Core/Src/main.c:433:13:MX_USART2_UART_Init	8	static
../Core/Src/main.c:454:13:MX_GPIO_Init	48	static
../Core/Src/main.c:489:6:Error_Handler	4	static,ignoring_inline_asm
