../Core/Src/main.c:184:6:LDC1614_ReadRegister	32	static
../Core/Src/main.c:188:6:LDC1614_WriteRegister	32	static
../Core/Src/main.c:193:5:hex_to_dec	32	static
../Core/Src/main.c:200:6:LDC1614_WriteRegister_LSB	40	static
../Core/Src/main.c:214:6:Transmit_Data	1160	static
../Core/Src/main.c:238:5:main	104	static
../Core/Src/main.c:373:6:SystemClock_Config	88	static
../Core/Src/main.c:420:13:MX_I2C1_Init	8	static
../Core/Src/main.c:442:13:MX_USART2_UART_Init	8	static
../Core/Src/main.c:463:13:MX_GPIO_Init	48	static
../Core/Src/main.c:498:6:Error_Handler	4	static,ignoring_inline_asm
